// Copyright The OpenTelemetry Authors
// SPDX-License-Identifier: Apache-2.0

package main

import (
	"unsafe"

	"github.com/open-telemetry/opentelemetry-go-compile-instrumentation/tool/internal/instrument/testdata/golden/all-rule-external-wrapper/helpers/wrapper"
)

type T struct{ ExternalTag wrapper.Tag }

var GlobalVar interface{} = wrapper.WrapValue("original")

func RawFunc() {
	wrapper.Log("raw instrumented")
	println("raw func body")
}

//otelc:external-log
func DirectiveFunc() {
	wrapper.Log("DirectiveFunc")
	println("directive func body")
}

func CallSizeof() {
	x := 42
	size := wrapper.Wrapper(unsafe.Sizeof(x))
	_ = size
}

func main() {
	y := "hello"
	_ = wrapper.Wrapper(unsafe.Sizeof(y))
}
