// Copyright The OpenTelemetry Authors
// SPDX-License-Identifier: Apache-2.0

// This package supports multiple SQL backends behind one Open entry point. The
// one-of filter instruments Open in any file that declares one of the known
// backend driver types. This file declares PostgresDriver, so Open is matched
// here even though the MySQLDriver type lives in a different backend file.
package main

import _ "unsafe"

type PostgresDriver struct{}

func Open(dsn string) (_unnamedRetVal0 error) {
	//line <generated>:1
	if hookContext1125492738, _ := OtelBeforeTrampoline_Open1125492738(&dsn); false {
	} else {
		defer OtelAfterTrampoline_Open1125492738(hookContext1125492738, &_unnamedRetVal0)
	}
	//line main.go:13:2
	println("opening " + dsn)
	//line main.go:14:2
	return nil
}

//line <generated>:1
type HookContextImpl1125492738 struct {
	params      []interface{}
	returnVals  []interface{}
	skipCall    bool
	data        interface{}
	funcName    string
	packageName string
}

func (c *HookContextImpl1125492738) SetSkipCall(skip bool)    { c.skipCall = skip }
func (c *HookContextImpl1125492738) IsSkipCall() bool         { return c.skipCall }
func (c *HookContextImpl1125492738) SetData(data interface{}) { c.data = data }
func (c *HookContextImpl1125492738) GetData() interface{}     { return c.data }
func (c *HookContextImpl1125492738) GetKeyData(key string) interface{} {
	if c.data == nil {
		return nil
	}
	return c.data.(map[string]interface{})[key]
}

func (c *HookContextImpl1125492738) SetKeyData(key string, val interface{}) {
	if c.data == nil {
		c.data = make(map[string]interface{})
	}
	c.data.(map[string]interface{})[key] = val
}

func (c *HookContextImpl1125492738) HasKeyData(key string) bool {
	if c.data == nil {
		return false
	}
	_, ok := c.data.(map[string]interface{})[key]
	return ok
}

func (c *HookContextImpl1125492738) GetParam(idx int) interface{} {
	switch idx {
	case 0:
		return *(c.params[0].(*string))
	}
	return nil
}

func (c *HookContextImpl1125492738) SetParam(idx int, val interface{}) {
	if val == nil {
		c.params[idx] = nil
		return
	}
	switch idx {
	case 0:
		*(c.params[0].(*string)) = val.(string)
	}
}

func (c *HookContextImpl1125492738) GetReturnVal(idx int) interface{} {
	switch idx {
	case 0:
		return *(c.returnVals[0].(*error))
	}
	return nil
}

func (c *HookContextImpl1125492738) SetReturnVal(idx int, val interface{}) {
	if val == nil {
		c.returnVals[idx] = nil
		return
	}
	switch idx {
	case 0:
		*(c.returnVals[0].(*error)) = val.(error)
	}
}
func (c *HookContextImpl1125492738) GetParamCount() int     { return len(c.params) }
func (c *HookContextImpl1125492738) GetReturnValCount() int { return len(c.returnVals) }
func (c *HookContextImpl1125492738) GetFuncName() string    { return c.funcName }
func (c *HookContextImpl1125492738) GetPackageName() string { return c.packageName }

// Trampoline Template
func OtelBeforeTrampoline_Open1125492738(param0 *string) (hookContext *HookContextImpl1125492738, skipCall bool) {
	defer func() {
		if err := recover(); err != nil {
			println("failed to exec Before hook", "BeforeOpen")
			if e, ok := err.(error); ok {
				println(e.Error())
			}
			fetchStack, printStack := OtelGetStackImpl, OtelPrintStackImpl
			if fetchStack != nil && printStack != nil {
				printStack(fetchStack())
			}
		}
	}()
	hookContext = &HookContextImpl1125492738{}
	hookContext.params = []interface{}{param0}
	hookContext.funcName = "Open"
	hookContext.packageName = "main"
	if BeforeOpen != nil {
		BeforeOpen(hookContext, *param0)
	}
	return hookContext, hookContext.skipCall
}

func OtelAfterTrampoline_Open1125492738(hookContext HookContext, arg0 *error) {
	defer func() {
		if err := recover(); err != nil {
			println("failed to exec After hook", "AfterOpen")
			if e, ok := err.(error); ok {
				println(e.Error())
			}
			fetchStack, printStack := OtelGetStackImpl, OtelPrintStackImpl
			if fetchStack != nil && printStack != nil {
				printStack(fetchStack())
			}
		}
	}()
	hookContext.(*HookContextImpl1125492738).returnVals = []interface{}{arg0}
	if AfterOpen != nil {
		AfterOpen(hookContext, *arg0)
	}
}

//go:linkname BeforeOpen testdata/golden/one-of-filter-match.BeforeOpen
func BeforeOpen(hookContext HookContext, param0 string)

//go:linkname AfterOpen testdata/golden/one-of-filter-match.AfterOpen
func AfterOpen(hookContext HookContext, arg0 error)
